projects/amazon-trend-analyzer/qb_chunks/page_018_skip018000.csv
ASIN Buyability Flag,asin_status,CVR%,revenue,asp,units,gv,Images #,Videos #,Has A+ Content,Buybox Winner,Average Rating,Number of Ratings,bb_price,Ad CTR%,Ad CVR%,bsr,brand,Ad CPC$,ASIN (Description),Update Type,Sold By Amazon,Has Coupon?,Has Store Link?,In Stock Today?,category,Sellable On Hand Units,asin,date,Ad Cost,Ad Sales,Ad Clicks,Ad Impressions,Ad Conversions
In Stock,ACTIVE,0.0,,,,3.0,4.0,0.0,True,,4.3,1035.0,33.95,,,177.0,Clorox,,B01APTZN0W (Clorox - Dishwashing Liquid w/ Oxi - 26oz - 6pck - Fresh Scent),[],True,False,False,True,Cleaning,26.0,B01APTZN0W,2025-11-16,,,,,
In Stock,ACTIVE,0.0,0.0,,0.0,3.0,4.0,0.0,True,,4.3,1034.0,33.95,,,203.0,Clorox,,B01APTZN0W (Clorox - Dishwashing Liquid w/ Oxi - 26oz - 6pck - Fresh Scent),[],True,False,False,True,Cleaning,26.0,B01APTZN0W,2025-11-15,,,,,
In Stock,ACTIVE,0.5,34.0,33.95,1.0,2.0,4.0,0.0,True,,4.3,1034.0,33.72,,,179.0,Clorox,,B01APTZN0W (Clorox - Dishwashing Liquid w/ Oxi - 26oz - 6pck - Fresh Scent),[],True,False,False,True,Cleaning,,B01APTZN0W,2025-11-14,,,,,
In Stock,ACTIVE,0.0,,,,3.0,4.0,0.0,True,,4.3,1034.0,33.72,,,151.0,Clorox,,B01APTZN0W (Clorox - Dishwashing Liquid w/ Oxi - 26oz - 6pck - Fresh Scent),[],True,False,False,True,Cleaning,28.0,B01APTZN0W,2025-11-13,,,,,
In Stock,ACTIVE,0.333,33.0,33.21,1.0,3.0,4.0,0.0,True,,4.3,1033.0,33.39,,,151.0,Clorox,,B01APTZN0W (Clorox - Dishwashing Liquid w/ Oxi - 26oz - 6pck - Fresh Scent),[],True,False,False,True,Cleaning,28.0,B01APTZN0W,2025-11-12,,,,,
In Stock,ACTIVE,0.5,33.0,33.21,1.0,2.0,4.0,0.0,True,,4.3,1033.0,33.21,,,151.0,Clorox,,B01APTZN0W (Clorox - Dishwashing Liquid w/ Oxi - 26oz - 6pck - Fresh Scent),[],True,False,False,True,Cleaning,27.0,B01APTZN0W,2025-11-11,,,,,
In Stock,ACTIVE,,0.0,,0.0,,4.0,0.0,True,,4.3,1033.0,33.21,,,151.0,Clorox,,B01APTZN0W (Clorox - Dishwashing Liquid w/ Oxi - 26oz - 6pck - Fresh Scent),[],True,False,False,True,Cleaning,28.0,B01APTZN0W,2025-11-10,,,,,
In Stock,ACTIVE,0.5,33.0,33.19,1.0,2.0,4.0,0.0,True,,4.3,1033.0,33.19,,,151.0,Clorox,,B01APTZN0W (Clorox - Dishwashing Liquid w/ Oxi - 26oz - 6pck - Fresh Scent),[],True,False,False,True,Cleaning,29.0,B01APTZN0W,2025-11-09,,,,,
In Stock,ACTIVE,0.0,,,,5.0,4.0,0.0,True,,4.3,1033.0,33.19,,,151.0,Clorox,,B01APTZN0W (Clorox - Dishwashing Liquid w/ Oxi - 26oz - 6pck - Fresh Scent),[],True,False,False,True,Cleaning,30.0,B01APTZN0W,2025-11-08,,,,,
In Stock,ACTIVE,0.0,,,,3.0,4.0,0.0,True,,4.3,1033.0,37.75,,,151.0,Clorox,,B01APTZN0W (Clorox - Dishwashing Liquid w/ Oxi - 26oz - 6pck - Fresh Scent),[],True,False,False,True,Cleaning,30.0,B01APTZN0W,2025-11-07,,,,,
In Stock,ACTIVE,0.0,,,,6.0,4.0,0.0,True,,4.3,1032.0,32.16,,,189.0,Clorox,,B01APTZN0W (Clorox - Dishwashing Liquid w/ Oxi - 26oz - 6pck - Fresh Scent),[],True,False,False,True,Cleaning,30.0,B01APTZN0W,2025-11-06,,,,,
In Stock,ACTIVE,0.0,,,,4.0,4.0,0.0,True,,4.3,1032.0,32.16,,,189.0,Clorox,,B01APTZN0W (Clorox - Dishwashing Liquid w/ Oxi - 26oz - 6pck - Fresh Scent),[],True,False,False,True,Cleaning,30.0,B01APTZN0W,2025-11-05,,,,,
In Stock,ACTIVE,0.0,,,,2.0,4.0,0.0,True,,4.3,1032.0,33.61,,,195.0,Clorox,,B01APTZN0W (Clorox - Dishwashing Liquid w/ Oxi - 26oz - 6pck - Fresh Scent),[],True,False,False,True,Cleaning,30.0,B01APTZN0W,2025-11-04,,,,,
In Stock,ACTIVE,0.0,,,,1.0,4.0,0.0,True,,4.3,1032.0,33.61,,,176.0,Clorox,,B01APTZN0W (Clorox - Dishwashing Liquid w/ Oxi - 26oz - 6pck - Fresh Scent),[],True,False,False,True,Cleaning,30.0,B01APTZN0W,2025-11-03,,,,,
In Stock,ACTIVE,0.0,,,,1.0,4.0,0.0,True,,4.3,1031.0,33.85,,,172.0,Clorox,,B01APTZN0W (Clorox - Dishwashing Liquid w/ Oxi - 26oz - 6pck - Fresh Scent),[],True,False,False,True,Cleaning,30.0,B01APTZN0W,2025-11-02,,,,,
In Stock,ACTIVE,0.0,,,,1.0,4.0,0.0,True,,4.3,1031.0,33.85,,,178.0,Clorox,,B01APTZN0W (Clorox - Dishwashing Liquid w/ Oxi - 26oz - 6pck - Fresh Scent),[],True,False,False,True,Cleaning,30.0,B01APTZN0W,2025-11-01,,,,,
In Stock,ACTIVE,0.0,,,,2.0,4.0,0.0,True,,4.3,1031.0,32.7,,,179.0,Clorox,,B01APTZN0W (Clorox - Dishwashing Liquid w/ Oxi - 26oz - 6pck - Fresh Scent),[],True,False,False,True,Cleaning,30.0,B01APTZN0W,2025-10-31,,,,,
In Stock,ACTIVE,0.0,,,,1.0,4.0,0.0,True,,4.3,1031.0,32.7,,,167.0,Clorox,,B01APTZN0W (Clorox - Dishwashing Liquid w/ Oxi - 26oz - 6pck - Fresh Scent),[],True,False,False,True,Cleaning,30.0,B01APTZN0W,2025-10-30,,,,,
In Stock,ACTIVE,0.0,,,,2.0,4.0,0.0,True,,4.3,1030.0,32.7,,,174.0,Clorox,,B01APTZN0W (Clorox - Dishwashing Liquid w/ Oxi - 26oz - 6pck - Fresh Scent),[],True,False,False,True,Cleaning,30.0,B01APTZN0W,2025-10-29,,,,,
In Stock,ACTIVE,0.0,,,,2.0,4.0,0.0,True,,4.3,1029.0,32.7,,,163.0,Clorox,,B01APTZN0W (Clorox - Dishwashing Liquid w/ Oxi - 26oz - 6pck - Fresh Scent),[],True,False,False,True,Cleaning,30.0,B01APTZN0W,2025-10-28,,,,,
In Stock,ACTIVE,0.0,0.0,,0.0,2.0,4.0,0.0,True,,4.3,1029.0,32.7,,,167.0,Clorox,,B01APTZN0W (Clorox - Dishwashing Liquid w/ Oxi - 26oz - 6pck - Fresh Scent),[],True,False,False,True,Cleaning,30.0,B01APTZN0W,2025-10-27,,,,,
In Stock,ACTIVE,0.0,0.0,,0.0,1.0,4.0,0.0,True,,4.3,1028.0,32.7,,,175.0,Clorox,,B01APTZN0W (Clorox - Dishwashing Liquid w/ Oxi - 26oz - 6pck - Fresh Scent),[],True,False,False,True,Cleaning,30.0,B01APTZN0W,2025-10-26,,,,,
In Stock,ACTIVE,0.0,0.0,,0.0,1.0,4.0,0.0,True,,4.3,1028.0,34.42,,,186.0,Clorox,,B01APTZN0W (Clorox - Dishwashing Liquid w/ Oxi - 26oz - 6pck - Fresh Scent),[],True,False,False,True,Cleaning,30.0,B01APTZN0W,2025-10-25,,,,,
In Stock,ACTIVE,,34.0,34.42,1.0,,4.0,0.0,True,,4.3,1027.0,34.42,,,170.0,Clorox,,B01APTZN0W (Clorox - Dishwashing Liquid w/ Oxi - 26oz - 6pck - Fresh Scent),[],True,False,False,True,Cleaning,31.0,B01APTZN0W,2025-10-24,,,,,
In Stock,ACTIVE,0.0,0.0,,0.0,2.0,4.0,0.0,True,,4.3,1027.0,34.42,,,176.0,Clorox,,B01APTZN0W (Clorox - Dishwashing Liquid w/ Oxi - 26oz - 6pck - Fresh Scent),[],True,False,False,True,Cleaning,32.0,B01APTZN0W,2025-10-23,,,,,
In Stock,ACTIVE,0.0,0.0,,0.0,3.0,4.0,0.0,True,,4.3,1027.0,34.42,,,164.0,Clorox,,B01APTZN0W (Clorox - Dishwashing Liquid w/ Oxi - 26oz - 6pck - Fresh Scent),[],True,False,False,True,Cleaning,32.0,B01APTZN0W,2025-10-22,,,,,
In Stock,ACTIVE,0.5,31.0,30.97,1.0,2.0,4.0,0.0,True,,4.3,1027.0,30.97,,,164.0,Clorox,,B01APTZN0W (Clorox - Dishwashing Liquid w/ Oxi - 26oz - 6pck - Fresh Scent),[],True,False,False,True,Cleaning,32.0,B01APTZN0W,2025-10-21,,,,,
In Stock,ACTIVE,,,,,,4.0,0.0,True,,4.3,1027.0,30.97,,,164.0,Clorox,,B01APTZN0W (Clorox - Dishwashing Liquid w/ Oxi - 26oz - 6pck - Fresh Scent),[],True,False,False,True,Cleaning,32.0,B01APTZN0W,2025-10-20,,,,,
In Stock,ACTIVE,,,,,,4.0,0.0,True,,4.3,1027.0,30.97,,,158.0,Clorox,,B01APTZN0W (Clorox - Dishwashing Liquid w/ Oxi - 26oz - 6pck - Fresh Scent),[],True,False,False,True,Cleaning,32.0,B01APTZN0W,2025-10-19,,,,,
In Stock,ACTIVE,,,,,,4.0,0.0,True,,4.3,1027.0,30.97,,,165.0,Clorox,,B01APTZN0W (Clorox - Dishwashing Liquid w/ Oxi - 26oz - 6pck - Fresh Scent),[],True,False,False,True,Cleaning,32.0,B01APTZN0W,2025-10-18,,,,,
In Stock,ACTIVE,,,,,,4.0,0.0,True,,4.3,1026.0,30.59,,,175.0,Clorox,,B01APTZN0W (Clorox - Dishwashing Liquid w/ Oxi - 26oz - 6pck - Fresh Scent),[],True,False,False,True,Cleaning,32.0,B01APTZN0W,2025-10-17,,,,,
In Stock,ACTIVE,0.0,,,,1.0,4.0,0.0,True,,4.3,1026.0,30.59,,,181.0,Clorox,,B01APTZN0W (Clorox - Dishwashing Liquid w/ Oxi - 26oz - 6pck - Fresh Scent),[],True,False,False,True,Cleaning,32.0,B01APTZN0W,2025-10-16,,,,,
In Stock,ACTIVE,,,,,,4.0,0.0,True,,4.3,1026.0,32.95,,,173.0,Clorox,,B01APTZN0W (Clorox - Dishwashing Liquid w/ Oxi - 26oz - 6pck - Fresh Scent),[],True,False,False,True,Cleaning,32.0,B01APTZN0W,2025-10-15,,,,,
In Stock,ACTIVE,0.0,,,,1.0,4.0,0.0,True,,4.3,1027.0,32.95,,,156.0,Clorox,,B01APTZN0W (Clorox - Dishwashing Liquid w/ Oxi - 26oz - 6pck - Fresh Scent),[],True,False,False,True,Cleaning,32.0,B01APTZN0W,2025-10-14,,,,,
In Stock,ACTIVE,,,,,,4.0,0.0,True,,4.3,1027.0,30.56,,,157.0,Clorox,,B01APTZN0W (Clorox - Dishwashing Liquid w/ Oxi - 26oz - 6pck - Fresh Scent),[],True,False,False,True,Cleaning,32.0,B01APTZN0W,2025-10-13,,,,,
In Stock,ACTIVE,0.0,,,,2.0,4.0,0.0,True,,4.3,1026.0,30.56,,,156.0,Clorox,,B01APTZN0W (Clorox - Dishwashing Liquid w/ Oxi - 26oz - 6pck - Fresh Scent),[],True,False,False,True,Cleaning,32.0,B01APTZN0W,2025-10-12,,,,,
In Stock,ACTIVE,0.25,31.0,30.56,1.0,4.0,4.0,0.0,True,,4.3,1026.0,33.95,,,174.0,Clorox,,B01APTZN0W (Clorox - Dishwashing Liquid w/ Oxi - 26oz - 6pck - Fresh Scent),[],True,False,False,True,Cleaning,32.0,B01APTZN0W,2025-10-11,,,,,
In Stock,ACTIVE,,,,,,4.0,0.0,True,,4.3,1026.0,33.95,,,180.0,Clorox,,B01APTZN0W (Clorox - Dishwashing Liquid w/ Oxi - 26oz - 6pck - Fresh Scent),[],True,False,False,True,Cleaning,33.0,B01APTZN0W,2025-10-10,,,,,
In Stock,ACTIVE,0.0,0.0,,0.0,1.0,4.0,0.0,True,,4.3,1025.0,33.95,,,178.0,Clorox,,B01APTZN0W (Clorox - Dishwashing Liquid w/ Oxi - 26oz - 6pck - Fresh Scent),[],True,False,False,True,Cleaning,33.0,B01APTZN0W,2025-10-09,,,,,
In Stock,ACTIVE,0.0,,,,2.0,4.0,0.0,True,,4.3,1025.0,33.95,,,156.0,Clorox,,B01APTZN0W (Clorox - Dishwashing Liquid w/ Oxi - 26oz - 6pck - Fresh Scent),[],True,False,False,True,Cleaning,33.0,B01APTZN0W,2025-10-08,,,,,
In Stock,ACTIVE,0.0,,,,2.0,4.0,0.0,True,,4.3,969.0,36.16,,,172.0,Clorox,,B01APTZN0W (Clorox - Dishwashing Liquid w/ Oxi - 26oz - 6pck - Fresh Scent),[],True,False,False,True,Cleaning,45.0,B01APTZN0W,2025-06-27,,,,,
In Stock,ACTIVE,,,,,,4.0,0.0,True,,4.3,968.0,36.16,,,175.0,Clorox,,B01APTZN0W (Clorox - Dishwashing Liquid w/ Oxi - 26oz - 6pck - Fresh Scent),[],True,False,False,True,Cleaning,45.0,B01APTZN0W,2025-06-26,0.0,0.0,0.0,0.0,0.0
In Stock,ACTIVE,0.0,,,,3.0,4.0,0.0,True,,4.3,969.0,36.16,,,184.0,Clorox,,B01APTZN0W (Clorox - Dishwashing Liquid w/ Oxi - 26oz - 6pck - Fresh Scent),[],True,False,False,True,Cleaning,45.0,B01APTZN0W,2025-06-25,,,,,
In Stock,ACTIVE,0.0,0.0,,0.0,1.0,4.0,0.0,True,,4.3,969.0,32.9,,,185.0,Clorox,,B01APTZN0W (Clorox - Dishwashing Liquid w/ Oxi - 26oz - 6pck - Fresh Scent),[],True,False,False,True,Cleaning,45.0,B01APTZN0W,2025-06-24,,,,,
In Stock,ACTIVE,,0.0,,0.0,,4.0,1.0,True,,4.3,970.0,32.54,,,185.0,Clorox,,B01APTZN0W (Clorox - Dishwashing Liquid w/ Oxi - 26oz - 6pck - Fresh Scent),[],True,False,False,True,Cleaning,46.0,B01APTZN0W,2025-06-23,,,,,
In Stock,ACTIVE,0.5,33.0,32.54,1.0,2.0,4.0,1.0,True,,4.3,970.0,32.54,,,185.0,Clorox,,B01APTZN0W (Clorox - Dishwashing Liquid w/ Oxi - 26oz - 6pck - Fresh Scent),[],True,False,False,True,Cleaning,46.0,B01APTZN0W,2025-06-22,,,,,
In Stock,ACTIVE,0.0,0.0,,0.0,5.0,4.0,1.0,True,,4.3,970.0,32.54,,,183.0,Clorox,,B01APTZN0W (Clorox - Dishwashing Liquid w/ Oxi - 26oz - 6pck - Fresh Scent),[],True,False,False,True,Cleaning,46.0,B01APTZN0W,2025-06-21,,,,,
In Stock,ACTIVE,1.0,33.0,32.54,1.0,1.0,4.0,1.0,True,,4.3,970.0,32.54,,,193.0,Clorox,,B01APTZN0W (Clorox - Dishwashing Liquid w/ Oxi - 26oz - 6pck - Fresh Scent),[],True,False,False,True,Cleaning,47.0,B01APTZN0W,2025-06-20,,,,,
In Stock,ACTIVE,0.0,,,,5.0,4.0,1.0,True,,4.3,970.0,32.54,,,184.0,Clorox,,B01APTZN0W (Clorox - Dishwashing Liquid w/ Oxi - 26oz - 6pck - Fresh Scent),[],True,False,False,True,Cleaning,47.0,B01APTZN0W,2025-06-19,,,,,
In Stock,ACTIVE,0.0,,,,4.0,4.0,1.0,True,,4.3,970.0,32.54,,,167.0,Clorox,,B01APTZN0W (Clorox - Dishwashing Liquid w/ Oxi - 26oz - 6pck - Fresh Scent),[],True,False,False,True,Cleaning,47.0,B01APTZN0W,2025-06-18,,,,,
In Stock,ACTIVE,0.0,,,,2.0,4.0,1.0,True,,4.3,970.0,32.54,,,156.0,Clorox,,B01APTZN0W (Clorox - Dishwashing Liquid w/ Oxi - 26oz - 6pck - Fresh Scent),[],True,False,False,True,Cleaning,42.0,B01APTZN0W,2025-06-17,,,,,
In Stock,ACTIVE,0.0,,,,1.0,4.0,1.0,True,,4.3,970.0,32.54,,,157.0,Clorox,,B01APTZN0W (Clorox - Dishwashing Liquid w/ Oxi - 26oz - 6pck - Fresh Scent),[],True,False,False,True,Cleaning,42.0,B01APTZN0W,2025-06-16,,,,,
In Stock,ACTIVE,0.0,,,,2.0,4.0,1.0,True,,4.3,970.0,32.54,,,161.0,Clorox,,B01APTZN0W (Clorox - Dishwashing Liquid w/ Oxi - 26oz - 6pck - Fresh Scent),[],True,False,False,True,Cleaning,42.0,B01APTZN0W,2025-06-15,,,,,
In Stock,ACTIVE,,,,,,4.0,1.0,True,,4.3,969.0,32.54,,,167.0,Clorox,,B01APTZN0W (Clorox - Dishwashing Liquid w/ Oxi - 26oz - 6pck - Fresh Scent),[],True,False,False,True,Cleaning,42.0,B01APTZN0W,2025-06-14,,,,,
In Stock,ACTIVE,0.0,,,,2.0,4.0,1.0,True,,4.3,969.0,38.59,,,177.0,Clorox,,B01APTZN0W (Clorox - Dishwashing Liquid w/ Oxi - 26oz - 6pck - Fresh Scent),[],True,False,False,True,Cleaning,42.0,B01APTZN0W,2025-06-13,,,,,
In Stock,ACTIVE,0.0,,,,1.0,4.0,1.0,True,,4.3,968.0,38.59,,,193.0,Clorox,,B01APTZN0W (Clorox - Dishwashing Liquid w/ Oxi - 26oz - 6pck - Fresh Scent),[],True,False,False,True,Cleaning,42.0,B01APTZN0W,2025-06-12,,,,,
In Stock,ACTIVE,0.0,,,,3.0,4.0,1.0,True,,4.3,967.0,38.59,,,165.0,Clorox,,B01APTZN0W (Clorox - Dishwashing Liquid w/ Oxi - 26oz - 6pck - Fresh Scent),[],True,False,False,True,Cleaning,42.0,B01APTZN0W,2025-06-11,,,,,
In Stock,ACTIVE,,,,,,4.0,1.0,True,,4.3,967.0,38.59,,,166.0,Clorox,,B01APTZN0W (Clorox - Dishwashing Liquid w/ Oxi - 26oz - 6pck - Fresh Scent),[],True,False,False,True,Cleaning,48.0,B01APTZN0W,2025-06-10,,,,,
In Stock,ACTIVE,0.0,,,,2.0,4.0,1.0,True,,4.3,968.0,36.45,,,152.0,Clorox,,B01APTZN0W (Clorox - Dishwashing Liquid w/ Oxi - 26oz - 6pck - Fresh Scent),[],True,False,False,True,Cleaning,48.0,B01APTZN0W,2025-06-09,,,,,
In Stock,ACTIVE,0.0,,,,2.0,4.0,1.0,True,,4.3,967.0,36.45,,,161.0,Clorox,,B01APTZN0W (Clorox - Dishwashing Liquid w/ Oxi - 26oz - 6pck - Fresh Scent),[],True,False,False,True,Cleaning,48.0,B01APTZN0W,2025-06-08,,,,,
In Stock,ACTIVE,,,,,,4.0,1.0,True,,4.3,967.0,36.45,,,163.0,Clorox,,B01APTZN0W (Clorox - Dishwashing Liquid w/ Oxi - 26oz - 6pck - Fresh Scent),[],True,False,False,True,Cleaning,48.0,B01APTZN0W,2025-06-07,,,,,
In Stock,ACTIVE,0.0,,,,4.0,4.0,1.0,True,,4.3,966.0,36.45,,,169.0,Clorox,,B01APTZN0W (Clorox - Dishwashing Liquid w/ Oxi - 26oz - 6pck - Fresh Scent),[],True,False,False,True,Cleaning,48.0,B01APTZN0W,2025-06-06,,,,,
In Stock,ACTIVE,0.0,,,,4.0,4.0,1.0,True,,4.3,966.0,36.45,,,167.0,Clorox,,B01APTZN0W (Clorox - Dishwashing Liquid w/ Oxi - 26oz - 6pck - Fresh Scent),[],True,False,False,True,Cleaning,48.0,B01APTZN0W,2025-06-05,,,,,
In Stock,ACTIVE,0.0,,,,2.0,4.0,1.0,True,,4.3,966.0,36.45,,,163.0,Clorox,,B01APTZN0W (Clorox - Dishwashing Liquid w/ Oxi - 26oz - 6pck - Fresh Scent),[],True,False,False,True,Cleaning,48.0,B01APTZN0W,2025-06-04,,,,,
In Stock,ACTIVE,,,,,0.0,4.0,1.0,True,,4.3,965.0,38.37,,,170.0,Clorox,,B01APTZN0W (Clorox - Dishwashing Liquid w/ Oxi - 26oz - 6pck - Fresh Scent),[],True,False,False,True,Cleaning,48.0,B01APTZN0W,2025-06-03,,,,,
In Stock,ACTIVE,0.0,,,,1.0,4.0,1.0,True,,4.3,964.0,38.37,,,165.0,Clorox,,B01APTZN0W (Clorox - Dishwashing Liquid w/ Oxi - 26oz - 6pck - Fresh Scent),[],True,False,False,True,Cleaning,48.0,B01APTZN0W,2025-06-02,,,,,
In Stock,ACTIVE,0.0,,,,1.0,4.0,1.0,True,,4.3,964.0,38.34,,,166.0,Clorox,,B01APTZN0W (Clorox - Dishwashing Liquid w/ Oxi - 26oz - 6pck - Fresh Scent),[],True,False,False,True,Cleaning,42.0,B01APTZN0W,2025-06-01,,,,,
In Stock,ACTIVE,0.0,,,,4.0,4.0,1.0,True,,4.3,961.0,38.34,,,184.0,Clorox,,B01APTZN0W (Clorox - Dishwashing Liquid w/ Oxi - 26oz - 6pck - Fresh Scent),[],True,False,False,True,Cleaning,42.0,B01APTZN0W,2025-05-31,,,,,
In Stock,ACTIVE,0.0,0.0,,0.0,5.0,4.0,1.0,True,,4.3,960.0,38.33,,,173.0,Clorox,,B01APTZN0W (Clorox - Dishwashing Liquid w/ Oxi - 26oz - 6pck - Fresh Scent),[],True,False,False,True,Cleaning,42.0,B01APTZN0W,2025-05-30,,,,,
In Stock,ACTIVE,0.0,0.0,,0.0,1.0,4.0,1.0,True,,4.3,961.0,38.56,,,160.0,Clorox,,B01APTZN0W (Clorox - Dishwashing Liquid w/ Oxi - 26oz - 6pck - Fresh Scent),[],True,False,False,True,Cleaning,49.0,B01APTZN0W,2025-05-29,,,,,
In Stock,ACTIVE,0.0,,,,2.0,4.0,1.0,True,,4.3,961.0,35.77,,,178.0,Clorox,,B01APTZN0W (Clorox - Dishwashing Liquid w/ Oxi - 26oz - 6pck - Fresh Scent),[],True,False,False,True,Cleaning,49.0,B01APTZN0W,2025-05-28,,,,,
In Stock,ACTIVE,0.5,36.0,35.77,1.0,2.0,4.0,1.0,True,,4.3,961.0,35.77,,,178.0,Clorox,,B01APTZN0W (Clorox - Dishwashing Liquid w/ Oxi - 26oz - 6pck - Fresh Scent),[],True,False,False,True,Cleaning,48.0,B01APTZN0W,2025-05-27,,,,,
In Stock,ACTIVE,0.0,,,,2.0,4.0,1.0,True,,4.3,961.0,35.77,,,180.0,Clorox,,B01APTZN0W (Clorox - Dishwashing Liquid w/ Oxi - 26oz - 6pck - Fresh Scent),[],True,False,False,True,Cleaning,48.0,B01APTZN0W,2025-05-26,,,,,
In Stock,ACTIVE,0.0,,,,5.0,4.0,1.0,True,,4.3,960.0,35.77,,,180.0,Clorox,,B01APTZN0W (Clorox - Dishwashing Liquid w/ Oxi - 26oz - 6pck - Fresh Scent),[],True,False,False,True,Cleaning,48.0,B01APTZN0W,2025-05-25,,,,,
In Stock,ACTIVE,0.0,,,,2.0,4.0,0.0,True,,4.3,959.0,35.77,,,176.0,Clorox,,B01APTZN0W (Clorox - Dishwashing Liquid w/ Oxi - 26oz - 6pck - Fresh Scent),[],True,False,False,True,Cleaning,48.0,B01APTZN0W,2025-05-24,,,,,
In Stock,ACTIVE,0.0,,,,1.0,4.0,0.0,True,,4.3,958.0,35.77,,,171.0,Clorox,,B01APTZN0W (Clorox - Dishwashing Liquid w/ Oxi - 26oz - 6pck - Fresh Scent),[],True,False,False,True,Cleaning,48.0,B01APTZN0W,2025-05-23,,,,,
In Stock,ACTIVE,0.333,36.0,35.77,1.0,3.0,4.0,0.0,True,,4.3,963.0,35.77,,,166.0,Clorox,,B01APTZN0W (Clorox - Dishwashing Liquid w/ Oxi - 26oz - 6pck - Fresh Scent),[],True,False,False,True,Cleaning,48.0,B01APTZN0W,2025-05-22,,,,,
In Stock,ACTIVE,,,,,,4.0,0.0,True,,4.3,247.0,34.96,,,458.0,Clorox,,B01APTZN0W (Clorox - Dishwashing Liquid w/ Oxi - 26oz - 6pck - Fresh Scent),[],True,False,False,True,Cleaning,49.0,B01APTZN0W,2025-05-21,,,,,
In Stock,ACTIVE,0.0,,,,1.0,4.0,0.0,True,,4.3,247.0,34.91,,,391.0,Clorox,,B01APTZN0W (Clorox - Dishwashing Liquid w/ Oxi - 26oz - 6pck - Fresh Scent),[],True,False,False,True,Cleaning,49.0,B01APTZN0W,2025-05-20,,,,,
In Stock,ACTIVE,,,,,,4.0,0.0,True,,4.3,247.0,34.91,,,568.0,Clorox,,B01APTZN0W (Clorox - Dishwashing Liquid w/ Oxi - 26oz - 6pck - Fresh Scent),[],True,False,False,True,Cleaning,49.0,B01APTZN0W,2025-05-19,,,,,
